MY_HEADER
#
\_work_/scratch/aedemo/Desktop/base_examples/project_benches/alu/sim/../rtl/verilog/alu.sv_unit 
\_work_/media/psf/Home/Documents/Mentor/Tools/QuestaSim/QuestaSim_2019.4_2/questasim/verilog_src/uvm-1.1d/src/uvm_pkg.sv_unit 
\_work_/media/psf/Home/Documents/Mentor/Bitbucket/UVMF/framework/uvmf_base_pkg/uvmf_base_pkg_hdl.sv_unit 
\_work_/media/psf/Home/Documents/Mentor/Bitbucket/UVMF/framework/uvmf_base_pkg/uvmf_base_pkg.sv_unit 
\_work_/scratch/aedemo/Desktop/base_examples/project_benches/alu/sim/../../../verification_ip/interface_packages/alu_in_pkg/alu_in_pkg_hdl.sv_unit 
\_work_/scratch/aedemo/Desktop/base_examples/project_benches/alu/sim/../../../verification_ip/interface_packages/alu_in_pkg/alu_in_pkg.sv_unit 
\_work_/scratch/aedemo/Desktop/base_examples/project_benches/alu/sim/../../../verification_ip/interface_packages/alu_in_pkg/src/alu_in_if.sv_unit 
\_work_/scratch/aedemo/Desktop/base_examples/project_benches/alu/sim/../../../verification_ip/interface_packages/alu_in_pkg/src/alu_in_monitor_bfm.sv_unit 
\_work_/scratch/aedemo/Desktop/base_examples/project_benches/alu/sim/../../../verification_ip/interface_packages/alu_in_pkg/src/alu_in_driver_bfm.sv_unit 
\_work_/scratch/aedemo/Desktop/base_examples/project_benches/alu/sim/../../../verification_ip/interface_packages/alu_out_pkg/alu_out_pkg_hdl.sv_unit 
\_work_/scratch/aedemo/Desktop/base_examples/project_benches/alu/sim/../../../verification_ip/interface_packages/alu_out_pkg/alu_out_pkg.sv_unit 
\_work_/scratch/aedemo/Desktop/base_examples/project_benches/alu/sim/../../../verification_ip/interface_packages/alu_out_pkg/src/alu_out_if.sv_unit 
\_work_/scratch/aedemo/Desktop/base_examples/project_benches/alu/sim/../../../verification_ip/interface_packages/alu_out_pkg/src/alu_out_monitor_bfm.sv_unit 
\_work_/scratch/aedemo/Desktop/base_examples/project_benches/alu/sim/../../../verification_ip/interface_packages/alu_out_pkg/src/alu_out_driver_bfm.sv_unit 
\_work_/scratch/aedemo/Desktop/base_examples/project_benches/alu/sim/../tb/parameters/alu_parameters_pkg.sv_unit 
\_work_/scratch/aedemo/Desktop/base_examples/project_benches/alu/sim/../tb/testbench/hdl_top.sv_unit 
